[
  {
    "audio_path": null,
    "content": "\"We explore the cave cautiously.\"",
    "correlation_id": null,
    "event_id": "EVENT_UUID",
    "event_type": "narrative_added",
    "gm_thought": null,
    "message_id": "MESSAGE_ID",
    "role": "user",
    "sequence_number": 1
  },
  {
    "correlation_id": "CORRELATION_UUID",
    "event_id": "EVENT_UUID",
    "event_type": "backend_processing",
    "is_processing": true,
    "needs_backend_trigger": false,
    "sequence_number": 2,
    "trigger_reason": null
  },
  {
    "audio_path": null,
    "content": "Two goblins jump out from the shadows! Roll for initiative!",
    "correlation_id": "CORRELATION_UUID",
    "event_id": "EVENT_UUID",
    "event_type": "narrative_added",
    "gm_thought": null,
    "message_id": "MESSAGE_ID",
    "role": "assistant",
    "sequence_number": 3
  },
  {
    "combatants": [
      {
        "armor_class": 11,
        "conditions": [],
        "current_hp": 28,
        "icon_path": "/static/images/portraits/fighter.png",
        "id": "fighter",
        "initiative": -1,
        "initiative_modifier": 1,
        "is_player": true,
        "max_hp": 28,
        "name": "Test Fighter"
      },
      {
        "armor_class": 12,
        "conditions": [],
        "current_hp": 18,
        "icon_path": "/static/images/portraits/wizard.png",
        "id": "wizard",
        "initiative": -1,
        "initiative_modifier": 2,
        "is_player": true,
        "max_hp": 18,
        "name": "Test Wizard"
      },
      {
        "armor_class": 15,
        "conditions": [],
        "current_hp": 7,
        "icon_path": null,
        "id": "goblin1",
        "initiative": -1,
        "initiative_modifier": 0,
        "is_player": false,
        "max_hp": 7,
        "name": "Goblin Scout"
      },
      {
        "armor_class": 13,
        "conditions": [],
        "current_hp": 9,
        "icon_path": null,
        "id": "goblin2",
        "initiative": -1,
        "initiative_modifier": 0,
        "is_player": false,
        "max_hp": 9,
        "name": "Goblin Warrior"
      }
    ],
    "correlation_id": "CORRELATION_UUID",
    "event_id": "EVENT_UUID",
    "event_type": "combat_started",
    "round_number": 1,
    "sequence_number": 4
  },
  {
    "ability": null,
    "character_id": "fighter",
    "character_name": "Test Fighter",
    "correlation_id": "CORRELATION_UUID",
    "dc": null,
    "dice_formula": "1d20",
    "event_id": "EVENT_UUID",
    "event_type": "player_dice_request_added",
    "purpose": "Roll for initiative!",
    "request_id": "UUID_PLACEHOLDER",
    "roll_type": "initiative",
    "sequence_number": 5,
    "skill": null
  },
  {
    "ability": null,
    "character_id": "wizard",
    "character_name": "Test Wizard",
    "correlation_id": "CORRELATION_UUID",
    "dc": null,
    "dice_formula": "1d20",
    "event_id": "EVENT_UUID",
    "event_type": "player_dice_request_added",
    "purpose": "Roll for initiative!",
    "request_id": "UUID_PLACEHOLDER",
    "roll_type": "initiative",
    "sequence_number": 6,
    "skill": null
  },
  {
    "character_id": "goblin1",
    "character_name": "Goblin Scout",
    "correlation_id": "CORRELATION_UUID",
    "details": "",
    "dice_formula": "1d20",
    "event_id": "EVENT_UUID",
    "event_type": "npc_dice_roll_processed",
    "purpose": "Roll for initiative!",
    "roll_type": "initiative",
    "sequence_number": 7,
    "success": null,
    "total": 14
  },
  {
    "character_id": "goblin2",
    "character_name": "Goblin Warrior",
    "correlation_id": "CORRELATION_UUID",
    "details": "",
    "dice_formula": "1d20",
    "event_id": "EVENT_UUID",
    "event_type": "npc_dice_roll_processed",
    "purpose": "Roll for initiative!",
    "roll_type": "initiative",
    "sequence_number": 8,
    "success": null,
    "total": 10
  },
  {
    "audio_path": null,
    "content": "**NPC Rolls:**\nInitiative: 14\nInitiative: 10",
    "correlation_id": null,
    "event_id": "EVENT_UUID",
    "event_type": "narrative_added",
    "gm_thought": null,
    "message_id": "MESSAGE_ID",
    "role": "user",
    "sequence_number": 9
  },
  {
    "correlation_id": "CORRELATION_UUID",
    "event_id": "EVENT_UUID",
    "event_type": "backend_processing",
    "is_processing": false,
    "needs_backend_trigger": false,
    "sequence_number": 10,
    "trigger_reason": null
  },
  {
    "cleared_request_ids": [
      "CLEARED_UUID"
    ],
    "correlation_id": null,
    "event_id": "EVENT_UUID",
    "event_type": "player_dice_requests_cleared",
    "sequence_number": 11
  },
  {
    "audio_path": null,
    "content": "**Test Fighter Rolls Submitted:**\nTest Wizard rolls Initiative: Result **12**.\nTest Fighter rolls Initiative: Result **15**.",
    "correlation_id": null,
    "event_id": "EVENT_UUID",
    "event_type": "narrative_added",
    "gm_thought": null,
    "message_id": "MESSAGE_ID",
    "role": "user",
    "sequence_number": 12
  },
  {
    "combatant_id": "wizard",
    "combatant_name": "Test Wizard",
    "correlation_id": null,
    "event_id": "EVENT_UUID",
    "event_type": "combatant_initiative_set",
    "initiative_value": 12,
    "roll_details": "Roll result: 12",
    "sequence_number": 13
  },
  {
    "combatant_id": "fighter",
    "combatant_name": "Test Fighter",
    "correlation_id": null,
    "event_id": "EVENT_UUID",
    "event_type": "combatant_initiative_set",
    "initiative_value": 15,
    "roll_details": "Roll result: 15",
    "sequence_number": 14
  },
  {
    "combatant_id": "goblin1",
    "combatant_name": "Goblin Scout",
    "correlation_id": null,
    "event_id": "EVENT_UUID",
    "event_type": "combatant_initiative_set",
    "initiative_value": 14,
    "roll_details": "Roll result: 14",
    "sequence_number": 15
  },
  {
    "combatant_id": "goblin2",
    "combatant_name": "Goblin Warrior",
    "correlation_id": null,
    "event_id": "EVENT_UUID",
    "event_type": "combatant_initiative_set",
    "initiative_value": 10,
    "roll_details": "Roll result: 10",
    "sequence_number": 16
  },
  {
    "correlation_id": null,
    "event_id": "EVENT_UUID",
    "event_type": "initiative_order_determined",
    "ordered_combatants": [
      {
        "armor_class": 11,
        "conditions": [],
        "current_hp": 28,
        "icon_path": "/static/images/portraits/fighter.png",
        "id": "fighter",
        "initiative": 15,
        "initiative_modifier": 1,
        "is_player": true,
        "max_hp": 28,
        "name": "Test Fighter"
      },
      {
        "armor_class": 15,
        "conditions": [],
        "current_hp": 7,
        "icon_path": null,
        "id": "goblin1",
        "initiative": 14,
        "initiative_modifier": 0,
        "is_player": false,
        "max_hp": 7,
        "name": "Goblin Scout"
      },
      {
        "armor_class": 12,
        "conditions": [],
        "current_hp": 18,
        "icon_path": "/static/images/portraits/wizard.png",
        "id": "wizard",
        "initiative": 12,
        "initiative_modifier": 2,
        "is_player": true,
        "max_hp": 18,
        "name": "Test Wizard"
      },
      {
        "armor_class": 13,
        "conditions": [],
        "current_hp": 9,
        "icon_path": null,
        "id": "goblin2",
        "initiative": 10,
        "initiative_modifier": 0,
        "is_player": false,
        "max_hp": 9,
        "name": "Goblin Warrior"
      }
    ],
    "sequence_number": 17
  },
  {
    "correlation_id": null,
    "event_id": "EVENT_UUID",
    "event_type": "turn_advanced",
    "is_new_round": true,
    "is_player_controlled": true,
    "new_combatant_id": "fighter",
    "new_combatant_name": "Test Fighter",
    "round_number": 1,
    "sequence_number": 18
  },
  {
    "correlation_id": "CORRELATION_UUID",
    "event_id": "EVENT_UUID",
    "event_type": "backend_processing",
    "is_processing": true,
    "needs_backend_trigger": false,
    "sequence_number": 19,
    "trigger_reason": null
  },
  {
    "audio_path": null,
    "content": "Initiative determined! The fighter acts first!",
    "correlation_id": "CORRELATION_UUID",
    "event_id": "EVENT_UUID",
    "event_type": "narrative_added",
    "gm_thought": null,
    "message_id": "MESSAGE_ID",
    "role": "assistant",
    "sequence_number": 20
  },
  {
    "correlation_id": "CORRELATION_UUID",
    "event_id": "EVENT_UUID",
    "event_type": "backend_processing",
    "is_processing": false,
    "needs_backend_trigger": false,
    "sequence_number": 21,
    "trigger_reason": null
  },
  {
    "audio_path": null,
    "content": "Test Fighter: \"I attack the goblin scout with my longsword!\"",
    "correlation_id": null,
    "event_id": "EVENT_UUID",
    "event_type": "narrative_added",
    "gm_thought": null,
    "message_id": "MESSAGE_ID",
    "role": "user",
    "sequence_number": 22
  },
  {
    "correlation_id": "CORRELATION_UUID",
    "event_id": "EVENT_UUID",
    "event_type": "backend_processing",
    "is_processing": true,
    "needs_backend_trigger": false,
    "sequence_number": 23,
    "trigger_reason": null
  },
  {
    "audio_path": null,
    "content": "Torvin swings his longsword at the goblin scout!",
    "correlation_id": "CORRELATION_UUID",
    "event_id": "EVENT_UUID",
    "event_type": "narrative_added",
    "gm_thought": null,
    "message_id": "MESSAGE_ID",
    "role": "assistant",
    "sequence_number": 24
  },
  {
    "ability": null,
    "character_id": "fighter",
    "character_name": "Test Fighter",
    "correlation_id": "CORRELATION_UUID",
    "dc": 15,
    "dice_formula": "1d20+5",
    "event_id": "EVENT_UUID",
    "event_type": "player_dice_request_added",
    "purpose": "Longsword attack",
    "request_id": "UUID_PLACEHOLDER",
    "roll_type": "attack",
    "sequence_number": 25,
    "skill": null
  },
  {
    "correlation_id": "CORRELATION_UUID",
    "event_id": "EVENT_UUID",
    "event_type": "backend_processing",
    "is_processing": false,
    "needs_backend_trigger": false,
    "sequence_number": 26,
    "trigger_reason": null
  },
  {
    "cleared_request_ids": [
      "CLEARED_UUID"
    ],
    "correlation_id": null,
    "event_id": "EVENT_UUID",
    "event_type": "player_dice_requests_cleared",
    "sequence_number": 27
  },
  {
    "audio_path": null,
    "content": "**Test Fighter Rolls Submitted:**\nTest Fighter rolls Attack: Result **18**.",
    "correlation_id": null,
    "event_id": "EVENT_UUID",
    "event_type": "narrative_added",
    "gm_thought": null,
    "message_id": "MESSAGE_ID",
    "role": "user",
    "sequence_number": 28
  },
  {
    "correlation_id": "CORRELATION_UUID",
    "event_id": "EVENT_UUID",
    "event_type": "backend_processing",
    "is_processing": true,
    "needs_backend_trigger": false,
    "sequence_number": 29,
    "trigger_reason": null
  },
  {
    "audio_path": null,
    "content": "The sword strikes true! Roll for damage!",
    "correlation_id": "CORRELATION_UUID",
    "event_id": "EVENT_UUID",
    "event_type": "narrative_added",
    "gm_thought": null,
    "message_id": "MESSAGE_ID",
    "role": "assistant",
    "sequence_number": 30
  },
  {
    "ability": null,
    "character_id": "fighter",
    "character_name": "Test Fighter",
    "correlation_id": "CORRELATION_UUID",
    "dc": null,
    "dice_formula": "1d8+3",
    "event_id": "EVENT_UUID",
    "event_type": "player_dice_request_added",
    "purpose": "Longsword damage",
    "request_id": "UUID_PLACEHOLDER",
    "roll_type": "damage",
    "sequence_number": 31,
    "skill": null
  },
  {
    "correlation_id": "CORRELATION_UUID",
    "event_id": "EVENT_UUID",
    "event_type": "backend_processing",
    "is_processing": false,
    "needs_backend_trigger": false,
    "sequence_number": 32,
    "trigger_reason": null
  },
  {
    "cleared_request_ids": [
      "CLEARED_UUID"
    ],
    "correlation_id": null,
    "event_id": "EVENT_UUID",
    "event_type": "player_dice_requests_cleared",
    "sequence_number": 33
  },
  {
    "audio_path": null,
    "content": "**Test Fighter Rolls Submitted:**\nTest Fighter rolls Damage: Result **8**.",
    "correlation_id": null,
    "event_id": "EVENT_UUID",
    "event_type": "narrative_added",
    "gm_thought": null,
    "message_id": "MESSAGE_ID",
    "role": "user",
    "sequence_number": 34
  },
  {
    "correlation_id": "CORRELATION_UUID",
    "event_id": "EVENT_UUID",
    "event_type": "backend_processing",
    "is_processing": true,
    "needs_backend_trigger": false,
    "sequence_number": 35,
    "trigger_reason": null
  },
  {
    "audio_path": null,
    "content": "The goblin scout takes 8 damage and falls!",
    "correlation_id": "CORRELATION_UUID",
    "event_id": "EVENT_UUID",
    "event_type": "narrative_added",
    "gm_thought": null,
    "message_id": "MESSAGE_ID",
    "role": "assistant",
    "sequence_number": 36
  },
  {
    "change_amount": -8,
    "combatant_id": "goblin1",
    "combatant_name": "Goblin Scout",
    "correlation_id": "CORRELATION_UUID",
    "event_id": "EVENT_UUID",
    "event_type": "combatant_hp_changed",
    "is_player_controlled": false,
    "max_hp": 7,
    "new_hp": 0,
    "old_hp": 7,
    "sequence_number": 37,
    "source": "Fighter's longsword"
  },
  {
    "added_conditions": [
      "defeated"
    ],
    "combatant_id": "goblin1",
    "combatant_name": "Goblin Scout",
    "correlation_id": "CORRELATION_UUID",
    "event_id": "EVENT_UUID",
    "event_type": "combatant_status_changed",
    "is_defeated": true,
    "new_conditions": [
      "defeated"
    ],
    "removed_conditions": [],
    "sequence_number": 38
  },
  {
    "correlation_id": null,
    "event_id": "EVENT_UUID",
    "event_type": "turn_advanced",
    "is_new_round": false,
    "is_player_controlled": true,
    "new_combatant_id": "wizard",
    "new_combatant_name": "Test Wizard",
    "round_number": 1,
    "sequence_number": 39
  },
  {
    "correlation_id": "CORRELATION_UUID",
    "event_id": "EVENT_UUID",
    "event_type": "backend_processing",
    "is_processing": false,
    "needs_backend_trigger": false,
    "sequence_number": 40,
    "trigger_reason": null
  }
]