[
  {
    "audio_path": null,
    "content": "\"We enter the dragon's lair carefully, weapons ready.\"",
    "correlation_id": null,
    "event_id": "EVENT_UUID",
    "event_type": "narrative_added",
    "gm_thought": null,
    "message_id": "MESSAGE_ID",
    "role": "user",
    "sequence_number": 1
  },
  {
    "correlation_id": "CORRELATION_UUID",
    "event_id": "EVENT_UUID",
    "event_type": "backend_processing",
    "is_processing": true,
    "needs_backend_trigger": false,
    "sequence_number": 2,
    "trigger_reason": null
  },
  {
    "audio_path": null,
    "content": "As you venture deeper into the dragon's lair, kobold cultists emerge! A draconic sorcerer leads them, shouting 'For Tiamat!' Roll for initiative!",
    "correlation_id": "CORRELATION_UUID",
    "event_id": "EVENT_UUID",
    "event_type": "narrative_added",
    "gm_thought": null,
    "message_id": "MESSAGE_ID",
    "role": "assistant",
    "sequence_number": 3
  },
  {
    "combatants": [
      {
        "abilities": null,
        "armor_class": 10,
        "attacks": null,
        "conditions": [],
        "conditions_immune": null,
        "current_hp": 38,
        "icon_path": "/static/images/portraits/cleric.png",
        "id": "cleric",
        "initiative": -1,
        "initiative_modifier": 0,
        "is_player": true,
        "max_hp": 38,
        "name": "Test Cleric",
        "resistances": null,
        "stats": null,
        "vulnerabilities": null
      },
      {
        "abilities": null,
        "armor_class": 11,
        "attacks": null,
        "conditions": [],
        "conditions_immune": null,
        "current_hp": 44,
        "icon_path": "/static/images/portraits/fighter.png",
        "id": "fighter",
        "initiative": -1,
        "initiative_modifier": 1,
        "is_player": true,
        "max_hp": 44,
        "name": "Test Fighter",
        "resistances": null,
        "stats": null,
        "vulnerabilities": null
      },
      {
        "abilities": null,
        "armor_class": 14,
        "attacks": null,
        "conditions": [],
        "conditions_immune": null,
        "current_hp": 33,
        "icon_path": "/static/images/portraits/rogue.png",
        "id": "rogue",
        "initiative": -1,
        "initiative_modifier": 4,
        "is_player": true,
        "max_hp": 33,
        "name": "Test Rogue",
        "resistances": null,
        "stats": null,
        "vulnerabilities": null
      },
      {
        "abilities": null,
        "armor_class": 12,
        "attacks": null,
        "conditions": [],
        "conditions_immune": null,
        "current_hp": 28,
        "icon_path": "/static/images/portraits/wizard.png",
        "id": "wizard",
        "initiative": -1,
        "initiative_modifier": 2,
        "is_player": true,
        "max_hp": 28,
        "name": "Test Wizard",
        "resistances": null,
        "stats": null,
        "vulnerabilities": null
      },
      {
        "abilities": null,
        "armor_class": 13,
        "attacks": null,
        "conditions": [],
        "conditions_immune": null,
        "current_hp": 27,
        "icon_path": null,
        "id": "kobold_sorcerer",
        "initiative": -1,
        "initiative_modifier": 0,
        "is_player": false,
        "max_hp": 27,
        "name": "Kobold Draconic Sorcerer",
        "resistances": null,
        "stats": null,
        "vulnerabilities": null
      },
      {
        "abilities": null,
        "armor_class": 13,
        "attacks": null,
        "conditions": [],
        "conditions_immune": null,
        "current_hp": 12,
        "icon_path": null,
        "id": "kobold_warrior1",
        "initiative": -1,
        "initiative_modifier": 0,
        "is_player": false,
        "max_hp": 12,
        "name": "Kobold Warrior",
        "resistances": null,
        "stats": null,
        "vulnerabilities": null
      },
      {
        "abilities": null,
        "armor_class": 13,
        "attacks": null,
        "conditions": [],
        "conditions_immune": null,
        "current_hp": 12,
        "icon_path": null,
        "id": "kobold_warrior2",
        "initiative": -1,
        "initiative_modifier": 0,
        "is_player": false,
        "max_hp": 12,
        "name": "Kobold Warrior",
        "resistances": null,
        "stats": null,
        "vulnerabilities": null
      },
      {
        "abilities": null,
        "armor_class": 12,
        "attacks": null,
        "conditions": [],
        "conditions_immune": null,
        "current_hp": 10,
        "icon_path": null,
        "id": "kobold_archer",
        "initiative": -1,
        "initiative_modifier": 0,
        "is_player": false,
        "max_hp": 10,
        "name": "Kobold Archer",
        "resistances": null,
        "stats": null,
        "vulnerabilities": null
      },
      {
        "abilities": null,
        "armor_class": 14,
        "attacks": null,
        "conditions": [],
        "conditions_immune": null,
        "current_hp": 52,
        "icon_path": null,
        "id": "drake",
        "initiative": -1,
        "initiative_modifier": 0,
        "is_player": false,
        "max_hp": 52,
        "name": "Guard Drake",
        "resistances": null,
        "stats": null,
        "vulnerabilities": null
      }
    ],
    "correlation_id": "CORRELATION_UUID",
    "event_id": "EVENT_UUID",
    "event_type": "combat_started",
    "round_number": 1,
    "sequence_number": 4
  },
  {
    "ability": null,
    "character_id": "cleric",
    "character_name": "Test Cleric",
    "correlation_id": "CORRELATION_UUID",
    "dc": null,
    "dice_formula": "1d20",
    "event_id": "EVENT_UUID",
    "event_type": "player_dice_request_added",
    "purpose": "Roll for initiative!",
    "request_id": "UUID_PLACEHOLDER",
    "roll_type": "initiative",
    "sequence_number": 5,
    "skill": null
  },
  {
    "ability": null,
    "character_id": "fighter",
    "character_name": "Test Fighter",
    "correlation_id": "CORRELATION_UUID",
    "dc": null,
    "dice_formula": "1d20",
    "event_id": "EVENT_UUID",
    "event_type": "player_dice_request_added",
    "purpose": "Roll for initiative!",
    "request_id": "UUID_PLACEHOLDER",
    "roll_type": "initiative",
    "sequence_number": 6,
    "skill": null
  },
  {
    "ability": null,
    "character_id": "rogue",
    "character_name": "Test Rogue",
    "correlation_id": "CORRELATION_UUID",
    "dc": null,
    "dice_formula": "1d20",
    "event_id": "EVENT_UUID",
    "event_type": "player_dice_request_added",
    "purpose": "Roll for initiative!",
    "request_id": "UUID_PLACEHOLDER",
    "roll_type": "initiative",
    "sequence_number": 7,
    "skill": null
  },
  {
    "ability": null,
    "character_id": "wizard",
    "character_name": "Test Wizard",
    "correlation_id": "CORRELATION_UUID",
    "dc": null,
    "dice_formula": "1d20",
    "event_id": "EVENT_UUID",
    "event_type": "player_dice_request_added",
    "purpose": "Roll for initiative!",
    "request_id": "UUID_PLACEHOLDER",
    "roll_type": "initiative",
    "sequence_number": 8,
    "skill": null
  },
  {
    "character_id": "drake",
    "character_name": "Guard Drake",
    "correlation_id": "CORRELATION_UUID",
    "details": "drake rolls Initiative: 1d20 -> [8] = **8**.",
    "dice_formula": "1d20",
    "event_id": "EVENT_UUID",
    "event_type": "npc_dice_roll_processed",
    "purpose": "Roll for initiative!",
    "roll_type": "initiative",
    "sequence_number": 9,
    "success": null,
    "total": 8
  },
  {
    "combatant_id": "drake",
    "combatant_name": "Guard Drake",
    "correlation_id": "CORRELATION_UUID",
    "event_id": "EVENT_UUID",
    "event_type": "combatant_initiative_set",
    "initiative_value": 8,
    "roll_details": "Roll result: 8",
    "sequence_number": 10
  },
  {
    "character_id": "kobold_archer",
    "character_name": "Kobold Archer",
    "correlation_id": "CORRELATION_UUID",
    "details": "kobold_archer rolls Initiative: 1d20 -> [20] = **20**.",
    "dice_formula": "1d20",
    "event_id": "EVENT_UUID",
    "event_type": "npc_dice_roll_processed",
    "purpose": "Roll for initiative!",
    "roll_type": "initiative",
    "sequence_number": 11,
    "success": null,
    "total": 20
  },
  {
    "combatant_id": "kobold_archer",
    "combatant_name": "Kobold Archer",
    "correlation_id": "CORRELATION_UUID",
    "event_id": "EVENT_UUID",
    "event_type": "combatant_initiative_set",
    "initiative_value": 20,
    "roll_details": "Roll result: 20",
    "sequence_number": 12
  },
  {
    "character_id": "kobold_sorcerer",
    "character_name": "Kobold Draconic Sorcerer",
    "correlation_id": "CORRELATION_UUID",
    "details": "kobold_sorcerer rolls Initiative: 1d20 -> [10] = **10**.",
    "dice_formula": "1d20",
    "event_id": "EVENT_UUID",
    "event_type": "npc_dice_roll_processed",
    "purpose": "Roll for initiative!",
    "roll_type": "initiative",
    "sequence_number": 13,
    "success": null,
    "total": 10
  },
  {
    "combatant_id": "kobold_sorcerer",
    "combatant_name": "Kobold Draconic Sorcerer",
    "correlation_id": "CORRELATION_UUID",
    "event_id": "EVENT_UUID",
    "event_type": "combatant_initiative_set",
    "initiative_value": 10,
    "roll_details": "Roll result: 10",
    "sequence_number": 14
  },
  {
    "character_id": "kobold_warrior1",
    "character_name": "Kobold Warrior",
    "correlation_id": "CORRELATION_UUID",
    "details": "kobold_warrior1 rolls Initiative: 1d20 -> [12] = **12**.",
    "dice_formula": "1d20",
    "event_id": "EVENT_UUID",
    "event_type": "npc_dice_roll_processed",
    "purpose": "Roll for initiative!",
    "roll_type": "initiative",
    "sequence_number": 15,
    "success": null,
    "total": 12
  },
  {
    "combatant_id": "kobold_warrior1",
    "combatant_name": "Kobold Warrior",
    "correlation_id": "CORRELATION_UUID",
    "event_id": "EVENT_UUID",
    "event_type": "combatant_initiative_set",
    "initiative_value": 12,
    "roll_details": "Roll result: 12",
    "sequence_number": 16
  },
  {
    "character_id": "kobold_warrior2",
    "character_name": "Kobold Warrior",
    "correlation_id": "CORRELATION_UUID",
    "details": "kobold_warrior2 rolls Initiative: 1d20 -> [11] = **11**.",
    "dice_formula": "1d20",
    "event_id": "EVENT_UUID",
    "event_type": "npc_dice_roll_processed",
    "purpose": "Roll for initiative!",
    "roll_type": "initiative",
    "sequence_number": 17,
    "success": null,
    "total": 11
  },
  {
    "combatant_id": "kobold_warrior2",
    "combatant_name": "Kobold Warrior",
    "correlation_id": "CORRELATION_UUID",
    "event_id": "EVENT_UUID",
    "event_type": "combatant_initiative_set",
    "initiative_value": 11,
    "roll_details": "Roll result: 11",
    "sequence_number": 18
  },
  {
    "audio_path": null,
    "content": "**NPC Rolls:**\nInitiative: 8\nInitiative: 20\nInitiative: 10\nInitiative: 12\nInitiative: 11",
    "correlation_id": null,
    "event_id": "EVENT_UUID",
    "event_type": "narrative_added",
    "gm_thought": null,
    "message_id": "MESSAGE_ID",
    "role": "user",
    "sequence_number": 19
  },
  {
    "correlation_id": "CORRELATION_UUID",
    "event_id": "EVENT_UUID",
    "event_type": "backend_processing",
    "is_processing": false,
    "needs_backend_trigger": false,
    "sequence_number": 20,
    "trigger_reason": null
  },
  {
    "cleared_request_ids": [
      "CLEARED_UUID"
    ],
    "correlation_id": null,
    "event_id": "EVENT_UUID",
    "event_type": "player_dice_requests_cleared",
    "sequence_number": 21
  },
  {
    "audio_path": null,
    "content": "**Test Cleric Rolls Submitted:**\nTest Wizard rolls Initiative: Result **15**.\nTest Fighter rolls Initiative: Result **13**.\nTest Rogue rolls Initiative: Result **22**.\nTest Cleric rolls Initiative: Result **8**.",
    "correlation_id": null,
    "event_id": "EVENT_UUID",
    "event_type": "narrative_added",
    "gm_thought": null,
    "message_id": "MESSAGE_ID",
    "role": "user",
    "sequence_number": 22
  },
  {
    "combatant_id": "wizard",
    "combatant_name": "Test Wizard",
    "correlation_id": null,
    "event_id": "EVENT_UUID",
    "event_type": "combatant_initiative_set",
    "initiative_value": 15,
    "roll_details": "Roll result: 15",
    "sequence_number": 23
  },
  {
    "combatant_id": "fighter",
    "combatant_name": "Test Fighter",
    "correlation_id": null,
    "event_id": "EVENT_UUID",
    "event_type": "combatant_initiative_set",
    "initiative_value": 13,
    "roll_details": "Roll result: 13",
    "sequence_number": 24
  },
  {
    "combatant_id": "rogue",
    "combatant_name": "Test Rogue",
    "correlation_id": null,
    "event_id": "EVENT_UUID",
    "event_type": "combatant_initiative_set",
    "initiative_value": 22,
    "roll_details": "Roll result: 22",
    "sequence_number": 25
  },
  {
    "combatant_id": "cleric",
    "combatant_name": "Test Cleric",
    "correlation_id": null,
    "event_id": "EVENT_UUID",
    "event_type": "combatant_initiative_set",
    "initiative_value": 8,
    "roll_details": "Roll result: 8",
    "sequence_number": 26
  },
  {
    "correlation_id": null,
    "event_id": "EVENT_UUID",
    "event_type": "initiative_order_determined",
    "ordered_combatants": [
      {
        "abilities": null,
        "armor_class": 14,
        "attacks": null,
        "conditions": [],
        "conditions_immune": null,
        "current_hp": 33,
        "icon_path": "/static/images/portraits/rogue.png",
        "id": "rogue",
        "initiative": 22,
        "initiative_modifier": 4,
        "is_player": true,
        "max_hp": 33,
        "name": "Test Rogue",
        "resistances": null,
        "stats": null,
        "vulnerabilities": null
      },
      {
        "abilities": null,
        "armor_class": 12,
        "attacks": null,
        "conditions": [],
        "conditions_immune": null,
        "current_hp": 10,
        "icon_path": null,
        "id": "kobold_archer",
        "initiative": 20,
        "initiative_modifier": 0,
        "is_player": false,
        "max_hp": 10,
        "name": "Kobold Archer",
        "resistances": null,
        "stats": null,
        "vulnerabilities": null
      },
      {
        "abilities": null,
        "armor_class": 12,
        "attacks": null,
        "conditions": [],
        "conditions_immune": null,
        "current_hp": 28,
        "icon_path": "/static/images/portraits/wizard.png",
        "id": "wizard",
        "initiative": 15,
        "initiative_modifier": 2,
        "is_player": true,
        "max_hp": 28,
        "name": "Test Wizard",
        "resistances": null,
        "stats": null,
        "vulnerabilities": null
      },
      {
        "abilities": null,
        "armor_class": 11,
        "attacks": null,
        "conditions": [],
        "conditions_immune": null,
        "current_hp": 44,
        "icon_path": "/static/images/portraits/fighter.png",
        "id": "fighter",
        "initiative": 13,
        "initiative_modifier": 1,
        "is_player": true,
        "max_hp": 44,
        "name": "Test Fighter",
        "resistances": null,
        "stats": null,
        "vulnerabilities": null
      },
      {
        "abilities": null,
        "armor_class": 13,
        "attacks": null,
        "conditions": [],
        "conditions_immune": null,
        "current_hp": 12,
        "icon_path": null,
        "id": "kobold_warrior1",
        "initiative": 12,
        "initiative_modifier": 0,
        "is_player": false,
        "max_hp": 12,
        "name": "Kobold Warrior",
        "resistances": null,
        "stats": null,
        "vulnerabilities": null
      },
      {
        "abilities": null,
        "armor_class": 13,
        "attacks": null,
        "conditions": [],
        "conditions_immune": null,
        "current_hp": 12,
        "icon_path": null,
        "id": "kobold_warrior2",
        "initiative": 11,
        "initiative_modifier": 0,
        "is_player": false,
        "max_hp": 12,
        "name": "Kobold Warrior",
        "resistances": null,
        "stats": null,
        "vulnerabilities": null
      },
      {
        "abilities": null,
        "armor_class": 13,
        "attacks": null,
        "conditions": [],
        "conditions_immune": null,
        "current_hp": 27,
        "icon_path": null,
        "id": "kobold_sorcerer",
        "initiative": 10,
        "initiative_modifier": 0,
        "is_player": false,
        "max_hp": 27,
        "name": "Kobold Draconic Sorcerer",
        "resistances": null,
        "stats": null,
        "vulnerabilities": null
      },
      {
        "abilities": null,
        "armor_class": 10,
        "attacks": null,
        "conditions": [],
        "conditions_immune": null,
        "current_hp": 38,
        "icon_path": "/static/images/portraits/cleric.png",
        "id": "cleric",
        "initiative": 8,
        "initiative_modifier": 0,
        "is_player": true,
        "max_hp": 38,
        "name": "Test Cleric",
        "resistances": null,
        "stats": null,
        "vulnerabilities": null
      },
      {
        "abilities": null,
        "armor_class": 14,
        "attacks": null,
        "conditions": [],
        "conditions_immune": null,
        "current_hp": 52,
        "icon_path": null,
        "id": "drake",
        "initiative": 8,
        "initiative_modifier": 0,
        "is_player": false,
        "max_hp": 52,
        "name": "Guard Drake",
        "resistances": null,
        "stats": null,
        "vulnerabilities": null
      }
    ],
    "sequence_number": 27
  },
  {
    "correlation_id": null,
    "event_id": "EVENT_UUID",
    "event_type": "turn_advanced",
    "is_new_round": true,
    "is_player_controlled": true,
    "new_combatant_id": "rogue",
    "new_combatant_name": "Test Rogue",
    "round_number": 1,
    "sequence_number": 28
  },
  {
    "correlation_id": "CORRELATION_UUID",
    "event_id": "EVENT_UUID",
    "event_type": "backend_processing",
    "is_processing": true,
    "needs_backend_trigger": false,
    "sequence_number": 29,
    "trigger_reason": null
  },
  {
    "audio_path": null,
    "content": "Initiative determined! Lyra the rogue acts first with lightning reflexes!",
    "correlation_id": "CORRELATION_UUID",
    "event_id": "EVENT_UUID",
    "event_type": "narrative_added",
    "gm_thought": null,
    "message_id": "MESSAGE_ID",
    "role": "assistant",
    "sequence_number": 30
  },
  {
    "correlation_id": "CORRELATION_UUID",
    "event_id": "EVENT_UUID",
    "event_type": "backend_processing",
    "is_processing": false,
    "needs_backend_trigger": false,
    "sequence_number": 31,
    "trigger_reason": null
  },
  {
    "audio_path": null,
    "content": "Test Rogue: \"I sneak attack the sorcerer with my blade!\"",
    "correlation_id": null,
    "event_id": "EVENT_UUID",
    "event_type": "narrative_added",
    "gm_thought": null,
    "message_id": "MESSAGE_ID",
    "role": "user",
    "sequence_number": 32
  },
  {
    "correlation_id": "CORRELATION_UUID",
    "event_id": "EVENT_UUID",
    "event_type": "backend_processing",
    "is_processing": true,
    "needs_backend_trigger": false,
    "sequence_number": 33,
    "trigger_reason": null
  },
  {
    "audio_path": null,
    "content": "Lyra darts from the shadows, her blade seeking the sorcerer's throat!",
    "correlation_id": "CORRELATION_UUID",
    "event_id": "EVENT_UUID",
    "event_type": "narrative_added",
    "gm_thought": null,
    "message_id": "MESSAGE_ID",
    "role": "assistant",
    "sequence_number": 34
  },
  {
    "ability": null,
    "character_id": "rogue",
    "character_name": "Test Rogue",
    "correlation_id": "CORRELATION_UUID",
    "dc": 13,
    "dice_formula": "1d20+8",
    "event_id": "EVENT_UUID",
    "event_type": "player_dice_request_added",
    "purpose": "Sneak attack with shortsword",
    "request_id": "UUID_PLACEHOLDER",
    "roll_type": "attack",
    "sequence_number": 35,
    "skill": null
  },
  {
    "correlation_id": "CORRELATION_UUID",
    "event_id": "EVENT_UUID",
    "event_type": "backend_processing",
    "is_processing": false,
    "needs_backend_trigger": false,
    "sequence_number": 36,
    "trigger_reason": null
  },
  {
    "cleared_request_ids": [
      "CLEARED_UUID"
    ],
    "correlation_id": null,
    "event_id": "EVENT_UUID",
    "event_type": "player_dice_requests_cleared",
    "sequence_number": 37
  },
  {
    "audio_path": null,
    "content": "**Test Rogue Rolls Submitted:**\nTest Rogue rolls Attack: Result **26**.",
    "correlation_id": null,
    "event_id": "EVENT_UUID",
    "event_type": "narrative_added",
    "gm_thought": null,
    "message_id": "MESSAGE_ID",
    "role": "user",
    "sequence_number": 38
  },
  {
    "correlation_id": "CORRELATION_UUID",
    "event_id": "EVENT_UUID",
    "event_type": "backend_processing",
    "is_processing": true,
    "needs_backend_trigger": false,
    "sequence_number": 39,
    "trigger_reason": null
  },
  {
    "audio_path": null,
    "content": "A critical strike! Roll for damage with your sneak attack!",
    "correlation_id": "CORRELATION_UUID",
    "event_id": "EVENT_UUID",
    "event_type": "narrative_added",
    "gm_thought": null,
    "message_id": "MESSAGE_ID",
    "role": "assistant",
    "sequence_number": 40
  },
  {
    "ability": null,
    "character_id": "rogue",
    "character_name": "Test Rogue",
    "correlation_id": "CORRELATION_UUID",
    "dc": null,
    "dice_formula": "2d6+4",
    "event_id": "EVENT_UUID",
    "event_type": "player_dice_request_added",
    "purpose": "Critical shortsword damage (normally 1d6+4, doubled for crit)",
    "request_id": "UUID_PLACEHOLDER",
    "roll_type": "damage",
    "sequence_number": 41,
    "skill": null
  },
  {
    "ability": null,
    "character_id": "rogue",
    "character_name": "Test Rogue",
    "correlation_id": "CORRELATION_UUID",
    "dc": null,
    "dice_formula": "6d6",
    "event_id": "EVENT_UUID",
    "event_type": "player_dice_request_added",
    "purpose": "Critical sneak attack damage (normally 3d6 at level 5, doubled for crit)",
    "request_id": "UUID_PLACEHOLDER",
    "roll_type": "damage",
    "sequence_number": 42,
    "skill": null
  },
  {
    "correlation_id": "CORRELATION_UUID",
    "event_id": "EVENT_UUID",
    "event_type": "backend_processing",
    "is_processing": false,
    "needs_backend_trigger": false,
    "sequence_number": 43,
    "trigger_reason": null
  },
  {
    "cleared_request_ids": [
      "CLEARED_UUID",
      "CLEARED_UUID"
    ],
    "correlation_id": null,
    "event_id": "EVENT_UUID",
    "event_type": "player_dice_requests_cleared",
    "sequence_number": 44
  },
  {
    "audio_path": null,
    "content": "**Test Rogue Rolls Submitted:**\nTest Rogue rolls Damage: Result **15**.\nTest Rogue rolls Damage: Result **24**.",
    "correlation_id": null,
    "event_id": "EVENT_UUID",
    "event_type": "narrative_added",
    "gm_thought": null,
    "message_id": "MESSAGE_ID",
    "role": "user",
    "sequence_number": 45
  },
  {
    "correlation_id": "CORRELATION_UUID",
    "event_id": "EVENT_UUID",
    "event_type": "backend_processing",
    "is_processing": true,
    "needs_backend_trigger": false,
    "sequence_number": 46,
    "trigger_reason": null
  },
  {
    "audio_path": null,
    "content": "The blade strikes deep for 39 damage! The sorcerer collapses!",
    "correlation_id": "CORRELATION_UUID",
    "event_id": "EVENT_UUID",
    "event_type": "narrative_added",
    "gm_thought": null,
    "message_id": "MESSAGE_ID",
    "role": "assistant",
    "sequence_number": 47
  },
  {
    "change_amount": -39,
    "combatant_id": "kobold_sorcerer",
    "combatant_name": "Kobold Draconic Sorcerer",
    "correlation_id": "CORRELATION_UUID",
    "event_id": "EVENT_UUID",
    "event_type": "combatant_hp_changed",
    "is_player_controlled": false,
    "max_hp": 27,
    "new_hp": 0,
    "old_hp": 27,
    "sequence_number": 48,
    "source": "rogue's rapier (piercing) [CRITICAL]"
  },
  {
    "added_conditions": [
      "defeated"
    ],
    "combatant_id": "kobold_sorcerer",
    "combatant_name": "Kobold Draconic Sorcerer",
    "condition_details": null,
    "correlation_id": "CORRELATION_UUID",
    "event_id": "EVENT_UUID",
    "event_type": "combatant_status_changed",
    "is_defeated": true,
    "new_conditions": [
      "defeated"
    ],
    "removed_conditions": [],
    "sequence_number": 49
  },
  {
    "correlation_id": null,
    "event_id": "EVENT_UUID",
    "event_type": "turn_advanced",
    "is_new_round": false,
    "is_player_controlled": false,
    "new_combatant_id": "kobold_archer",
    "new_combatant_name": "Kobold Archer",
    "round_number": 1,
    "sequence_number": 50
  },
  {
    "correlation_id": "CORRELATION_UUID",
    "event_id": "EVENT_UUID",
    "event_type": "backend_processing",
    "is_processing": false,
    "needs_backend_trigger": true,
    "sequence_number": 51,
    "trigger_reason": null
  },
  {
    "audio_path": null,
    "content": "It's Kobold Archer's turn. Narrate their action.",
    "correlation_id": null,
    "event_id": "EVENT_UUID",
    "event_type": "narrative_added",
    "gm_thought": null,
    "message_id": "MESSAGE_ID",
    "role": "user",
    "sequence_number": 52
  },
  {
    "audio_path": null,
    "content": "The kobold archer snarls and looses an arrow at the wizard!",
    "correlation_id": null,
    "event_id": "EVENT_UUID",
    "event_type": "narrative_added",
    "gm_thought": null,
    "message_id": "MESSAGE_ID",
    "role": "assistant",
    "sequence_number": 53
  },
  {
    "character_id": "kobold_archer",
    "character_name": "Kobold Archer",
    "correlation_id": null,
    "details": "Kobold Archer rolls Attack: 1d20+4 -> [12] + 4 = **16**.",
    "dice_formula": "1d20+4",
    "event_id": "EVENT_UUID",
    "event_type": "npc_dice_roll_processed",
    "purpose": "Shortbow attack vs wizard",
    "roll_type": "attack",
    "sequence_number": 54,
    "success": true,
    "total": 16
  },
  {
    "audio_path": null,
    "content": "**NPC Rolls:**\nAttack: 16 (Hit)",
    "correlation_id": null,
    "event_id": "EVENT_UUID",
    "event_type": "narrative_added",
    "gm_thought": null,
    "message_id": "MESSAGE_ID",
    "role": "user",
    "sequence_number": 55
  },
  {
    "audio_path": null,
    "content": "The arrow strikes true! Roll for damage!",
    "correlation_id": null,
    "event_id": "EVENT_UUID",
    "event_type": "narrative_added",
    "gm_thought": null,
    "message_id": "MESSAGE_ID",
    "role": "assistant",
    "sequence_number": 56
  },
  {
    "character_id": "kobold_archer",
    "character_name": "Kobold Archer",
    "correlation_id": null,
    "details": "Kobold Archer rolls Damage: 1d6+2 -> [3] + 2 = **5**.",
    "dice_formula": "1d6+2",
    "event_id": "EVENT_UUID",
    "event_type": "npc_dice_roll_processed",
    "purpose": "Shortbow damage",
    "roll_type": "damage",
    "sequence_number": 57,
    "success": null,
    "total": 5
  },
  {
    "audio_path": null,
    "content": "**NPC Rolls:**\nDamage: 5",
    "correlation_id": null,
    "event_id": "EVENT_UUID",
    "event_type": "narrative_added",
    "gm_thought": null,
    "message_id": "MESSAGE_ID",
    "role": "user",
    "sequence_number": 58
  },
  {
    "audio_path": null,
    "content": "The arrow strikes Elara for 5 damage! It's now Elara's turn.",
    "correlation_id": null,
    "event_id": "EVENT_UUID",
    "event_type": "narrative_added",
    "gm_thought": null,
    "message_id": "MESSAGE_ID",
    "role": "assistant",
    "sequence_number": 59
  },
  {
    "change_amount": -5,
    "combatant_id": "wizard",
    "combatant_name": "Test Wizard",
    "correlation_id": null,
    "event_id": "EVENT_UUID",
    "event_type": "combatant_hp_changed",
    "is_player_controlled": true,
    "max_hp": 28,
    "new_hp": 23,
    "old_hp": 28,
    "sequence_number": 60,
    "source": "kobold_archer's shortbow (piercing)"
  },
  {
    "correlation_id": null,
    "event_id": "EVENT_UUID",
    "event_type": "turn_advanced",
    "is_new_round": false,
    "is_player_controlled": true,
    "new_combatant_id": "wizard",
    "new_combatant_name": "Test Wizard",
    "round_number": 1,
    "sequence_number": 61
  },
  {
    "audio_path": null,
    "content": "Test Wizard: \"I cast Fireball centered on the kobold warriors!\"",
    "correlation_id": null,
    "event_id": "EVENT_UUID",
    "event_type": "narrative_added",
    "gm_thought": null,
    "message_id": "MESSAGE_ID",
    "role": "user",
    "sequence_number": 62
  },
  {
    "correlation_id": "CORRELATION_UUID",
    "event_id": "EVENT_UUID",
    "event_type": "backend_processing",
    "is_processing": true,
    "needs_backend_trigger": false,
    "sequence_number": 63,
    "trigger_reason": null
  },
  {
    "audio_path": null,
    "content": "Elara traces arcane symbols and releases a bead of fire that explodes in a massive inferno! All creatures must make Dexterity saves!",
    "correlation_id": "CORRELATION_UUID",
    "event_id": "EVENT_UUID",
    "event_type": "narrative_added",
    "gm_thought": null,
    "message_id": "MESSAGE_ID",
    "role": "assistant",
    "sequence_number": 64
  },
  {
    "character_id": "drake",
    "character_name": "Guard Drake",
    "correlation_id": "CORRELATION_UUID",
    "details": "drake rolls DEX Save: 1d20 -> [8] = **8**.",
    "dice_formula": "1d20",
    "event_id": "EVENT_UUID",
    "event_type": "npc_dice_roll_processed",
    "purpose": "Dexterity save vs Fireball",
    "roll_type": "saving_throw",
    "sequence_number": 65,
    "success": false,
    "total": 8
  },
  {
    "character_id": "kobold_warrior1",
    "character_name": "Kobold Warrior",
    "correlation_id": "CORRELATION_UUID",
    "details": "kobold_warrior1 rolls DEX Save: 1d20 -> [12] = **12**.",
    "dice_formula": "1d20",
    "event_id": "EVENT_UUID",
    "event_type": "npc_dice_roll_processed",
    "purpose": "Dexterity save vs Fireball",
    "roll_type": "saving_throw",
    "sequence_number": 66,
    "success": false,
    "total": 12
  },
  {
    "character_id": "kobold_warrior2",
    "character_name": "Kobold Warrior",
    "correlation_id": "CORRELATION_UUID",
    "details": "kobold_warrior2 rolls DEX Save: 1d20 -> [16] = **16**.",
    "dice_formula": "1d20",
    "event_id": "EVENT_UUID",
    "event_type": "npc_dice_roll_processed",
    "purpose": "Dexterity save vs Fireball",
    "roll_type": "saving_throw",
    "sequence_number": 67,
    "success": true,
    "total": 16
  },
  {
    "audio_path": null,
    "content": "**NPC Rolls:**\nDEX Save: 8 (Failed)\nDEX Save: 12 (Failed)\nDEX Save: 16 (Success)",
    "correlation_id": null,
    "event_id": "EVENT_UUID",
    "event_type": "narrative_added",
    "gm_thought": null,
    "message_id": "MESSAGE_ID",
    "role": "user",
    "sequence_number": 68
  },
  {
    "correlation_id": "CORRELATION_UUID",
    "event_id": "EVENT_UUID",
    "event_type": "backend_processing",
    "is_processing": false,
    "needs_backend_trigger": true,
    "sequence_number": 69,
    "trigger_reason": null
  },
  {
    "audio_path": null,
    "content": "Roll for fireball damage!",
    "correlation_id": null,
    "event_id": "EVENT_UUID",
    "event_type": "narrative_added",
    "gm_thought": null,
    "message_id": "MESSAGE_ID",
    "role": "assistant",
    "sequence_number": 70
  },
  {
    "ability": null,
    "character_id": "wizard",
    "character_name": "Test Wizard",
    "correlation_id": null,
    "dc": null,
    "dice_formula": "8d6",
    "event_id": "EVENT_UUID",
    "event_type": "player_dice_request_added",
    "purpose": "Fireball damage (3rd level spell)",
    "request_id": "UUID_PLACEHOLDER",
    "roll_type": "damage",
    "sequence_number": 71,
    "skill": null
  },
  {
    "cleared_request_ids": [
      "CLEARED_UUID"
    ],
    "correlation_id": null,
    "event_id": "EVENT_UUID",
    "event_type": "player_dice_requests_cleared",
    "sequence_number": 72
  },
  {
    "audio_path": null,
    "content": "**Test Wizard Rolls Submitted:**\nTest Wizard rolls Damage: Result **32**.",
    "correlation_id": null,
    "event_id": "EVENT_UUID",
    "event_type": "narrative_added",
    "gm_thought": null,
    "message_id": "MESSAGE_ID",
    "role": "user",
    "sequence_number": 73
  },
  {
    "correlation_id": "CORRELATION_UUID",
    "event_id": "EVENT_UUID",
    "event_type": "backend_processing",
    "is_processing": true,
    "needs_backend_trigger": false,
    "sequence_number": 74,
    "trigger_reason": null
  },
  {
    "audio_path": null,
    "content": "The fireball explodes for 32 fire damage! Multiple enemies are defeated!",
    "correlation_id": "CORRELATION_UUID",
    "event_id": "EVENT_UUID",
    "event_type": "narrative_added",
    "gm_thought": null,
    "message_id": "MESSAGE_ID",
    "role": "assistant",
    "sequence_number": 75
  },
  {
    "change_amount": -32,
    "combatant_id": "kobold_warrior1",
    "combatant_name": "Kobold Warrior",
    "correlation_id": "CORRELATION_UUID",
    "event_id": "EVENT_UUID",
    "event_type": "combatant_hp_changed",
    "is_player_controlled": false,
    "max_hp": 12,
    "new_hp": 0,
    "old_hp": 12,
    "sequence_number": 76,
    "source": "wizard's fireball (fire)"
  },
  {
    "added_conditions": [
      "defeated"
    ],
    "combatant_id": "kobold_warrior1",
    "combatant_name": "Kobold Warrior",
    "condition_details": null,
    "correlation_id": "CORRELATION_UUID",
    "event_id": "EVENT_UUID",
    "event_type": "combatant_status_changed",
    "is_defeated": true,
    "new_conditions": [
      "defeated"
    ],
    "removed_conditions": [],
    "sequence_number": 77
  },
  {
    "change_amount": -16,
    "combatant_id": "kobold_warrior2",
    "combatant_name": "Kobold Warrior",
    "correlation_id": "CORRELATION_UUID",
    "event_id": "EVENT_UUID",
    "event_type": "combatant_hp_changed",
    "is_player_controlled": false,
    "max_hp": 12,
    "new_hp": 0,
    "old_hp": 12,
    "sequence_number": 78,
    "source": "wizard's fireball (fire)"
  },
  {
    "added_conditions": [
      "defeated"
    ],
    "combatant_id": "kobold_warrior2",
    "combatant_name": "Kobold Warrior",
    "condition_details": null,
    "correlation_id": "CORRELATION_UUID",
    "event_id": "EVENT_UUID",
    "event_type": "combatant_status_changed",
    "is_defeated": true,
    "new_conditions": [
      "defeated"
    ],
    "removed_conditions": [],
    "sequence_number": 79
  },
  {
    "change_amount": -32,
    "combatant_id": "drake",
    "combatant_name": "Guard Drake",
    "correlation_id": "CORRELATION_UUID",
    "event_id": "EVENT_UUID",
    "event_type": "combatant_hp_changed",
    "is_player_controlled": false,
    "max_hp": 52,
    "new_hp": 20,
    "old_hp": 52,
    "sequence_number": 80,
    "source": "wizard's fireball (fire)"
  },
  {
    "correlation_id": null,
    "event_id": "EVENT_UUID",
    "event_type": "turn_advanced",
    "is_new_round": false,
    "is_player_controlled": true,
    "new_combatant_id": "fighter",
    "new_combatant_name": "Test Fighter",
    "round_number": 1,
    "sequence_number": 81
  },
  {
    "correlation_id": "CORRELATION_UUID",
    "event_id": "EVENT_UUID",
    "event_type": "backend_processing",
    "is_processing": false,
    "needs_backend_trigger": false,
    "sequence_number": 82,
    "trigger_reason": null
  },
  {
    "audio_path": null,
    "content": "Test Fighter: \"We finish off the remaining enemies!\"",
    "correlation_id": null,
    "event_id": "EVENT_UUID",
    "event_type": "narrative_added",
    "gm_thought": null,
    "message_id": "MESSAGE_ID",
    "role": "user",
    "sequence_number": 83
  },
  {
    "correlation_id": "CORRELATION_UUID",
    "event_id": "EVENT_UUID",
    "event_type": "backend_processing",
    "is_processing": true,
    "needs_backend_trigger": false,
    "sequence_number": 84,
    "trigger_reason": null
  },
  {
    "audio_path": null,
    "content": "With the sorcerer and warriors defeated, the party quickly overwhelms the remaining foes! Victory!",
    "correlation_id": "CORRELATION_UUID",
    "event_id": "EVENT_UUID",
    "event_type": "narrative_added",
    "gm_thought": null,
    "message_id": "MESSAGE_ID",
    "role": "assistant",
    "sequence_number": 85
  },
  {
    "change_amount": -20,
    "combatant_id": "drake",
    "combatant_name": "Guard Drake",
    "correlation_id": "CORRELATION_UUID",
    "event_id": "EVENT_UUID",
    "event_type": "combatant_hp_changed",
    "is_player_controlled": false,
    "max_hp": 52,
    "new_hp": 0,
    "old_hp": 20,
    "sequence_number": 86,
    "source": "fighter's longsword (slashing)"
  },
  {
    "added_conditions": [
      "defeated"
    ],
    "combatant_id": "drake",
    "combatant_name": "Guard Drake",
    "condition_details": null,
    "correlation_id": "CORRELATION_UUID",
    "event_id": "EVENT_UUID",
    "event_type": "combatant_status_changed",
    "is_defeated": true,
    "new_conditions": [
      "defeated"
    ],
    "removed_conditions": [],
    "sequence_number": 87
  },
  {
    "combatant_id": "kobold_archer",
    "combatant_name": "Kobold Archer",
    "correlation_id": "CORRELATION_UUID",
    "event_id": "EVENT_UUID",
    "event_type": "combatant_removed",
    "reason": "fled",
    "sequence_number": 88
  },
  {
    "correlation_id": "CORRELATION_UUID",
    "event_id": "EVENT_UUID",
    "event_type": "combat_ended",
    "outcome_description": null,
    "reason": "victory",
    "sequence_number": 89
  },
  {
    "correlation_id": "CORRELATION_UUID",
    "event_id": "EVENT_UUID",
    "event_type": "backend_processing",
    "is_processing": false,
    "needs_backend_trigger": false,
    "sequence_number": 90,
    "trigger_reason": null
  },
  {
    "audio_path": null,
    "content": "\"We search the bodies and examine the area.\"",
    "correlation_id": null,
    "event_id": "EVENT_UUID",
    "event_type": "narrative_added",
    "gm_thought": null,
    "message_id": "MESSAGE_ID",
    "role": "user",
    "sequence_number": 91
  },
  {
    "correlation_id": "CORRELATION_UUID",
    "event_id": "EVENT_UUID",
    "event_type": "backend_processing",
    "is_processing": true,
    "needs_backend_trigger": false,
    "sequence_number": 92,
    "trigger_reason": null
  },
  {
    "audio_path": null,
    "content": "Victory! Searching the bodies, you find valuable items and update your quest!",
    "correlation_id": "CORRELATION_UUID",
    "event_id": "EVENT_UUID",
    "event_type": "narrative_added",
    "gm_thought": null,
    "message_id": "MESSAGE_ID",
    "role": "assistant",
    "sequence_number": 93
  },
  {
    "character_id": "wizard",
    "character_name": "Test Wizard",
    "correlation_id": "CORRELATION_UUID",
    "event_id": "EVENT_UUID",
    "event_type": "item_added",
    "item_description": "3rd level spell scroll",
    "item_name": "Scroll of Lightning Bolt",
    "item_rarity": "rare",
    "item_value": 300,
    "quantity": 1,
    "sequence_number": 94
  },
  {
    "character_id": "fighter",
    "character_name": "Test Fighter",
    "correlation_id": "CORRELATION_UUID",
    "event_id": "EVENT_UUID",
    "event_type": "item_added",
    "item_description": "Grants resistance to fire damage for 1 hour",
    "item_name": "Potion of Fire Resistance",
    "item_rarity": "uncommon",
    "item_value": 150,
    "quantity": 1,
    "sequence_number": 95
  },
  {
    "correlation_id": "CORRELATION_UUID",
    "description_update": null,
    "event_id": "EVENT_UUID",
    "event_type": "quest_updated",
    "new_status": "active",
    "old_status": null,
    "quest_id": "dragon_lair",
    "quest_title": "The Dragon's Lair",
    "sequence_number": 96
  },
  {
    "correlation_id": "CORRELATION_UUID",
    "event_id": "EVENT_UUID",
    "event_type": "backend_processing",
    "is_processing": false,
    "needs_backend_trigger": false,
    "sequence_number": 97,
    "trigger_reason": null
  }
]
